// Jest Snapshot v1, https://goo.gl/fbAQLP

exports[`Star renders correctly 1`] = `
<svg
  className="sc-bdVaJa iRnrFu"
  onClick={[Function]}
  viewBox="0 0 24 24"
  width={24}
>
  <defs>
    <linearGradient
      gradientTransform="rotate(-55)"
      id="Default"
      x1="-134%"
      y1="0"
    >
      <stop
        offset="30%"
        stop-color="orange"
      />
      <stop
        offset="0%"
        stop-color="grey"
      />
      <stop
        offset="0%"
        stop-color="grey"
        stop-opacity="0"
      />
    </linearGradient>
  </defs>
  <polygon
    fill="url(#Default)"
    points="24,12 15.883281572999747,14.821369211003871 15.70820393249937,23.412678195541844 10.516718427000253,16.565071278216738 2.2917960675006324,19.05342302750968 7.2,12 2.2917960675006306,4.946576972490323 10.516718427000251,7.434928721783264 15.708203932499366,0.5873218044581563 15.883281572999747,9.178630788996127 "
    style={
      Object {
        "fillRule": "nonzero",
      }
    }
  />
</svg>
`;
